  street-fighter-02.cpp
D:\Damn U serious\Code\C++\G_dev\street-fighter-02\street-fighter-02.cpp(936,21): warning C4244: '=': conversion from 'double' to 'float', possible loss of data
D:\Damn U serious\Code\C++\G_dev\street-fighter-02\street-fighter-02.cpp(2003,41): warning C4244: '=': conversion from 'sf::Int32' to 'float', possible loss of data
D:\Damn U serious\Code\C++\G_dev\street-fighter-02\street-fighter-02.cpp(2554,53): warning C4244: '=': conversion from 'const T' to 'T', possible loss of data
D:\Damn U serious\Code\C++\G_dev\street-fighter-02\street-fighter-02.cpp(2554,53): warning C4244:         with
D:\Damn U serious\Code\C++\G_dev\street-fighter-02\street-fighter-02.cpp(2554,53): warning C4244:         [
D:\Damn U serious\Code\C++\G_dev\street-fighter-02\street-fighter-02.cpp(2554,53): warning C4244:             T=int
D:\Damn U serious\Code\C++\G_dev\street-fighter-02\street-fighter-02.cpp(2554,53): warning C4244:         ]
D:\Damn U serious\Code\C++\G_dev\street-fighter-02\street-fighter-02.cpp(2554,53): warning C4244:         and
D:\Damn U serious\Code\C++\G_dev\street-fighter-02\street-fighter-02.cpp(2554,53): warning C4244:         [
D:\Damn U serious\Code\C++\G_dev\street-fighter-02\street-fighter-02.cpp(2554,53): warning C4244:             T=float
D:\Damn U serious\Code\C++\G_dev\street-fighter-02\street-fighter-02.cpp(2554,53): warning C4244:         ]
D:\Damn U serious\Code\C++\G_dev\street-fighter-02\street-fighter-02.cpp(2555,54): warning C4244: '=': conversion from 'const T' to 'T', possible loss of data
D:\Damn U serious\Code\C++\G_dev\street-fighter-02\street-fighter-02.cpp(2555,54): warning C4244:         with
D:\Damn U serious\Code\C++\G_dev\street-fighter-02\street-fighter-02.cpp(2555,54): warning C4244:         [
D:\Damn U serious\Code\C++\G_dev\street-fighter-02\street-fighter-02.cpp(2555,54): warning C4244:             T=int
D:\Damn U serious\Code\C++\G_dev\street-fighter-02\street-fighter-02.cpp(2555,54): warning C4244:         ]
D:\Damn U serious\Code\C++\G_dev\street-fighter-02\street-fighter-02.cpp(2555,54): warning C4244:         and
D:\Damn U serious\Code\C++\G_dev\street-fighter-02\street-fighter-02.cpp(2555,54): warning C4244:         [
D:\Damn U serious\Code\C++\G_dev\street-fighter-02\street-fighter-02.cpp(2555,54): warning C4244:             T=float
D:\Damn U serious\Code\C++\G_dev\street-fighter-02\street-fighter-02.cpp(2555,54): warning C4244:         ]
D:\Damn U serious\Code\C++\G_dev\street-fighter-02\street-fighter-02.cpp(2563,44): warning C4244: '=': conversion from 'double' to 'float', possible loss of data
D:\Damn U serious\Code\C++\G_dev\street-fighter-02\street-fighter-02.cpp(2630,47): warning C4244: '=': conversion from 'const T' to 'T', possible loss of data
D:\Damn U serious\Code\C++\G_dev\street-fighter-02\street-fighter-02.cpp(2630,47): warning C4244:         with
D:\Damn U serious\Code\C++\G_dev\street-fighter-02\street-fighter-02.cpp(2630,47): warning C4244:         [
D:\Damn U serious\Code\C++\G_dev\street-fighter-02\street-fighter-02.cpp(2630,47): warning C4244:             T=int
D:\Damn U serious\Code\C++\G_dev\street-fighter-02\street-fighter-02.cpp(2630,47): warning C4244:         ]
D:\Damn U serious\Code\C++\G_dev\street-fighter-02\street-fighter-02.cpp(2630,47): warning C4244:         and
D:\Damn U serious\Code\C++\G_dev\street-fighter-02\street-fighter-02.cpp(2630,47): warning C4244:         [
D:\Damn U serious\Code\C++\G_dev\street-fighter-02\street-fighter-02.cpp(2630,47): warning C4244:             T=float
D:\Damn U serious\Code\C++\G_dev\street-fighter-02\street-fighter-02.cpp(2630,47): warning C4244:         ]
D:\Damn U serious\Code\C++\G_dev\street-fighter-02\street-fighter-02.cpp(2631,48): warning C4244: '=': conversion from 'const T' to 'T', possible loss of data
D:\Damn U serious\Code\C++\G_dev\street-fighter-02\street-fighter-02.cpp(2631,48): warning C4244:         with
D:\Damn U serious\Code\C++\G_dev\street-fighter-02\street-fighter-02.cpp(2631,48): warning C4244:         [
D:\Damn U serious\Code\C++\G_dev\street-fighter-02\street-fighter-02.cpp(2631,48): warning C4244:             T=int
D:\Damn U serious\Code\C++\G_dev\street-fighter-02\street-fighter-02.cpp(2631,48): warning C4244:         ]
D:\Damn U serious\Code\C++\G_dev\street-fighter-02\street-fighter-02.cpp(2631,48): warning C4244:         and
D:\Damn U serious\Code\C++\G_dev\street-fighter-02\street-fighter-02.cpp(2631,48): warning C4244:         [
D:\Damn U serious\Code\C++\G_dev\street-fighter-02\street-fighter-02.cpp(2631,48): warning C4244:             T=float
D:\Damn U serious\Code\C++\G_dev\street-fighter-02\street-fighter-02.cpp(2631,48): warning C4244:         ]
  street-fighter-02.vcxproj -> D:\Damn U serious\Code\C++\G_dev\street-fighter-02\Debug\street-fighter-02.exe
